
[Ariel-dreams] 681 files

=== Ariel-dreams  (687 contexts of 512 words, weighting=idf) ===
  per-context: R_PR=75.3  W=R_PR/n=0.1470  m1=9.3495  m2=1.359910
  KCA Class III prediction from W: Delta_deep = 0.4446
     l     PR(l)  PR/(n-l)   mean_var    top1    top5
     1      54.0    0.1056     0.9810   0.062   0.204
     2     139.7    0.2739     4.5824   0.023   0.100
     4     236.1    0.4648    17.9130   0.014   0.050
     8     208.0    0.4127    13.8474   0.014   0.057
    16     175.0    0.3528     5.9468   0.024   0.080
    32     196.6    0.4096     4.2764   0.014   0.063
    64     168.8    0.3768     3.7223   0.024   0.087
   128     135.8    0.3537     3.9825   0.028   0.111
   256     112.9    0.4409     3.7273   0.029   0.114

[Ariel-essays] 160 files

=== Ariel-essays  (861 contexts of 512 words, weighting=idf) ===
  per-context: R_PR=60.0  W=R_PR/n=0.1172  m1=15.5401  m2=14.855302
  KCA Class III prediction from W: Delta_deep = 0.4534
     l     PR(l)  PR/(n-l)   mean_var    top1    top5
     1     104.7    0.2049     3.2203   0.032   0.116
     2     151.9    0.2979     8.9929   0.032   0.107
     4     224.4    0.4417    20.8841   0.015   0.061
     8     225.5    0.4475    20.0915   0.014   0.059
    16     204.3    0.4119    13.3161   0.014   0.062
    32     184.6    0.3845    10.3247   0.027   0.073
    64     170.7    0.3811     9.4995   0.025   0.080
   128     150.5    0.3919     7.8738   0.028   0.097
   256     123.2    0.4812     5.6935   0.022   0.098

[Ariel-conversations] 324 files

=== Ariel-conversations  (467 contexts of 512 words, weighting=idf) ===
  per-context: R_PR=72.6  W=R_PR/n=0.1418  m1=13.8163  m2=6.342024
  KCA Class III prediction from W: Delta_deep = 0.4460
     l     PR(l)  PR/(n-l)   mean_var    top1    top5
     1     104.5    0.2045     2.0163   0.033   0.124
     2     152.6    0.2991     8.8689   0.024   0.090
     4     167.4    0.3295    14.9290   0.018   0.077
     8     160.0    0.3175    15.6997   0.018   0.073
    16     146.0    0.2943    12.3188   0.024   0.088
    32     131.8    0.2745    10.6510   0.028   0.097
    64     117.2    0.2616     7.8305   0.022   0.099
   128      98.0    0.2551     6.7843   0.040   0.134
   256      74.2    0.2897     5.6874   0.037   0.152

[Ariel-letters] 52 files

=== Ariel-letters  (221 contexts of 512 words, weighting=idf) ===
  per-context: R_PR=91.9  W=R_PR/n=0.1795  m1=11.1105  m2=1.846886
  KCA Class III prediction from W: Delta_deep = 0.4360
     l     PR(l)  PR/(n-l)   mean_var    top1    top5
     1      73.1    0.1431     2.0205   0.040   0.178
     2      88.2    0.1730     7.7298   0.028   0.133
     4      94.7    0.1863    11.7839   0.025   0.111
     8      92.4    0.1832    11.1918   0.028   0.114
    16      73.9    0.1490     8.7668   0.044   0.156
    32      79.6    0.1659     6.6009   0.031   0.136
    64      54.0    0.1205     5.7315   0.068   0.224
   128      61.5    0.1601     5.1183   0.062   0.191
   256      58.6    0.2288     2.8785   0.048   0.182

=== C-NAT (TinyStories valid)  (2000 contexts of 512 words, weighting=idf) ===
  per-context: R_PR=29.4  W=R_PR/n=0.0574  m1=13.4252  m2=13.171391
  KCA Class III prediction from W: Delta_deep = 0.4744
     l     PR(l)  PR/(n-l)   mean_var    top1    top5
     1      23.0    0.0450     0.7244   0.112   0.397
     2     299.6    0.5874    14.0465   0.014   0.044
     4     293.8    0.5784     9.4016   0.011   0.044
     8     318.1    0.6311    14.5069   0.010   0.039
    16     330.0    0.6653    19.7118   0.008   0.034
    32     324.5    0.6760    19.2279   0.007   0.034
    64     289.3    0.6458    14.1337   0.009   0.041
   128     234.7    0.6113     8.1758   0.011   0.051
   256     179.6    0.7017     3.9734   0.014   0.066

=== C-alien (exp-097 generator)  (2000 contexts of 512 words, weighting=idf) ===
  per-context: R_PR=26.8  W=R_PR/n=0.0523  m1=4.4059  m2=0.739626
  KCA Class III prediction from W: Delta_deep = 0.4764
     l     PR(l)  PR/(n-l)   mean_var    top1    top5
     1     270.3    0.5289     0.0447   0.008   0.037
     2     271.1    0.5316     0.0454   0.008   0.037
     4     331.8    0.6531     4.6634   0.006   0.030
     8     349.5    0.6934     1.3870   0.006   0.029
    16     330.1    0.6655     5.4891   0.008   0.034
    32     257.6    0.5367     4.3878   0.012   0.053
    64     253.0    0.5647     3.9310   0.011   0.053
   128     180.9    0.4712     4.1848   0.017   0.077
   256     138.6    0.5416     3.5613   0.026   0.102


===== SUMMARY (self-corpus run, pre-reg 2026-08-05) =====
corpus                            W Delta_pred  m2 (coupling)  F2 var@64  top5@64
Ariel-dreams                 0.1470     0.4446       1.359910     3.7223    0.087
Ariel-essays                 0.1172     0.4534      14.855302     9.4995    0.080
Ariel-conversations          0.1418     0.4460       6.342024     7.8305    0.099
Ariel-letters                0.1795     0.4360       1.846886     5.7315    0.224
C-NAT (TinyStories valid)    0.0574     0.4744      13.171391    14.1337    0.041
C-alien (exp-097 generator)   0.0523     0.4764       0.739626     3.9310    0.053
