
=== C-NAT (TinyStories valid)  (2000 contexts of 512 words, weighting=idf) ===
  per-context: R_PR=29.4  W=R_PR/n=0.0574  m1=13.4252  m2=13.171391
  KCA Class III prediction from W: Delta_deep = 0.4744
     l     PR(l)  PR/(n-l)   mean_var    top1    top5
     1      23.0    0.0450     0.7244   0.112   0.397
     2     299.6    0.5874    14.0465   0.014   0.044
     4     293.8    0.5784     9.4016   0.011   0.044
     8     318.1    0.6311    14.5069   0.010   0.039
    16     330.0    0.6653    19.7118   0.008   0.034
    32     324.5    0.6760    19.2279   0.007   0.034
    64     289.3    0.6458    14.1337   0.009   0.041
   128     234.7    0.6113     8.1758   0.011   0.051
   256     179.6    0.7017     3.9734   0.014   0.066

=== C-NAT-shuf (sentence shuffle)  (2000 contexts of 512 words, weighting=idf) ===
  per-context: R_PR=29.8  W=R_PR/n=0.0582  m1=13.3290  m2=11.918705
  KCA Class III prediction from W: Delta_deep = 0.4741
     l     PR(l)  PR/(n-l)   mean_var    top1    top5
     1      23.8    0.0467     0.7378   0.110   0.389
     2     271.5    0.5324    10.9446   0.017   0.048
     4     277.6    0.5465     7.6813   0.014   0.050
     8     316.4    0.6278    14.6496   0.008   0.036
    16     329.2    0.6637    18.9010   0.007   0.032
    32     316.7    0.6598    18.1210   0.008   0.036
    64     294.4    0.6572    14.5547   0.008   0.036
   128     242.2    0.6308     7.9028   0.011   0.048
   256     174.1    0.6800     4.0445   0.023   0.075

=== C-alien (exp-097 generator)  (2000 contexts of 512 words, weighting=idf) ===
  per-context: R_PR=26.8  W=R_PR/n=0.0523  m1=4.4059  m2=0.739626
  KCA Class III prediction from W: Delta_deep = 0.4764
     l     PR(l)  PR/(n-l)   mean_var    top1    top5
     1     270.3    0.5289     0.0447   0.008   0.037
     2     271.1    0.5316     0.0454   0.008   0.037
     4     331.8    0.6531     4.6634   0.006   0.030
     8     349.5    0.6934     1.3870   0.006   0.029
    16     330.1    0.6655     5.4891   0.008   0.034
    32     257.6    0.5367     4.3878   0.012   0.053
    64     253.0    0.5647     3.9310   0.011   0.053
   128     180.9    0.4712     4.1848   0.017   0.077
   256     138.6    0.5416     3.5613   0.026   0.102

=== rung-B cast4 stoch p=0.7 (steps 8)  (2000 contexts of 512 words, weighting=idf) ===
  per-context: R_PR=27.6  W=R_PR/n=0.0539  m1=4.5789  m2=0.779879
  KCA Class III prediction from W: Delta_deep = 0.4758
     l     PR(l)  PR/(n-l)   mean_var    top1    top5
     1     271.0    0.5304     0.0461   0.008   0.036
     2     275.3    0.5398     0.0462   0.008   0.036
     4     335.6    0.6605     4.8692   0.006   0.030
     8     330.8    0.6563     1.4023   0.007   0.032
    16     313.9    0.6328     6.6970   0.008   0.039
    32     266.1    0.5544     4.8465   0.012   0.051
    64     251.0    0.5602     4.1205   0.013   0.055
   128     189.9    0.4944     3.9510   0.017   0.076
   256     141.7    0.5535     3.6201   0.021   0.092

=== rung-C cast8 determ (steps 16)  (2000 contexts of 512 words, weighting=idf) ===
  per-context: R_PR=27.2  W=R_PR/n=0.0532  m1=4.4454  m2=0.737037
  KCA Class III prediction from W: Delta_deep = 0.4761
     l     PR(l)  PR/(n-l)   mean_var    top1    top5
     1     277.1    0.5422     0.0411   0.009   0.039
     2     266.7    0.5230     0.0428   0.009   0.039
     4     340.7    0.6706     5.5694   0.006   0.029
     8     339.7    0.6740     1.2883   0.006   0.030
    16     334.1    0.6736     4.6895   0.007   0.035
    32     237.2    0.4942     4.4973   0.013   0.059
    64     238.3    0.5319     3.9300   0.013   0.057
   128     204.2    0.5317     3.8737   0.014   0.065
   256     139.8    0.5460     3.4451   0.021   0.097

=== rung-D cast8 stoch p=0.7 (steps 16)  (2000 contexts of 512 words, weighting=idf) ===
  per-context: R_PR=27.9  W=R_PR/n=0.0544  m1=4.4792  m2=0.731220
  KCA Class III prediction from W: Delta_deep = 0.4756
     l     PR(l)  PR/(n-l)   mean_var    top1    top5
     1     276.6    0.5413     0.0416   0.009   0.039
     2     270.1    0.5296     0.0426   0.009   0.039
     4     337.6    0.6646     4.5884   0.006   0.030
     8     333.5    0.6616     1.0650   0.007   0.032
    16     324.4    0.6540     4.9642   0.009   0.038
    32     234.3    0.4882     4.4718   0.013   0.059
    64     233.6    0.5215     3.9469   0.014   0.062
   128     207.3    0.5397     3.8107   0.015   0.067
   256     140.5    0.5487     3.4887   0.021   0.095

=== rung-E cast12 stoch p=0.7 (steps 24)  (2000 contexts of 512 words, weighting=idf) ===
  per-context: R_PR=28.2  W=R_PR/n=0.0551  m1=4.3560  m2=0.681726
  KCA Class III prediction from W: Delta_deep = 0.4753
     l     PR(l)  PR/(n-l)   mean_var    top1    top5
     1     280.4    0.5486     0.0399   0.008   0.038
     2     267.4    0.5244     0.0415   0.008   0.038
     4     339.2    0.6678     4.6037   0.006   0.030
     8     330.6    0.6560     1.0115   0.007   0.033
    16     325.7    0.6567     4.5065   0.008   0.038
    32     230.4    0.4801     4.0760   0.013   0.061
    64     226.1    0.5048     3.8809   0.015   0.064
   128     198.9    0.5181     3.7582   0.015   0.069
   256     125.2    0.4892     3.8478   0.026   0.109


===== SUMMARY =====
corpus                                        W Delta_pred  m2 (coupling)  F2 PR@64  F2 var@64  top5@64
C-NAT (TinyStories valid)                0.0574     0.4744      13.171391     289.3    14.1337    0.041
C-NAT-shuf (sentence shuffle)            0.0582     0.4741      11.918705     294.4    14.5547    0.036
C-alien (exp-097 generator)              0.0523     0.4764       0.739626     253.0     3.9310    0.053
rung-B cast4 stoch p=0.7 (steps 8)       0.0539     0.4758       0.779879     251.0     4.1205    0.055
rung-C cast8 determ (steps 16)           0.0532     0.4761       0.737037     238.3     3.9300    0.057
rung-D cast8 stoch p=0.7 (steps 16)      0.0544     0.4756       0.731220     233.6     3.9469    0.062
rung-E cast12 stoch p=0.7 (steps 24)     0.0551     0.4753       0.681726     226.1     3.8809    0.064
